// Jest Snapshot v1, https://goo.gl/fbAQLP

exports[`Component: Login should render 1`] = `
<React.Fragment>
  <h1>
    Planning Poker
  </h1>
  <form>
    <div
      className="uk-margin"
    >
      <div
        className="uk-inline uk-width-1-1"
      >
        <span
          className="uk-form-icon"
          data-uk-icon="icon: mail"
        />
        <input
          className="uk-input"
          type="text"
        />
      </div>
    </div>
    <div
      className="uk-margin"
    >
      <div
        className="uk-inline uk-width-1-1"
      >
        <span
          className="uk-form-icon"
          data-uk-icon="icon: lock"
        />
        <input
          className="uk-input"
          type="password"
        />
      </div>
    </div>
    <div
      className="uk-margin"
    >
      <Link
        className="uk-button uk-button-primary uk-width-1-1"
        to="/rooms/"
      >
        Login
      </Link>
    </div>
  </form>
</React.Fragment>
`;
