// Jest Snapshot v1, https://goo.gl/fbAQLP

exports[`Component: Rooms should render 1`] = `
<React.Fragment>
  <h1>
    Rooms
  </h1>
  <div
    className="uk-container"
  >
    <StackedLinks
      links={
        Array [
          Object {
            "href": "/room/A",
            "label": "A",
          },
          Object {
            "href": "/room/B",
            "label": "B",
          },
          Object {
            "href": "/room/C",
            "label": "C",
          },
        ]
      }
    />
  </div>
</React.Fragment>
`;
