// Jest Snapshot v1, https://goo.gl/fbAQLP

exports[`Component: Rooms should render 1`] = `
<Rooms
  rooms={
    Array [
      Object {
        "href": "/room/A",
        "label": "A",
      },
      Object {
        "href": "/room/B",
        "label": "B",
      },
      Object {
        "href": "/room/C",
        "label": "C",
      },
    ]
  }
/>
`;
