// Jest Snapshot v1, https://goo.gl/fbAQLP

exports[`Login renders correctly 1`] = `
<div
  className="uk-flex uk-flex-center"
>
  <div
    className="uk-card uk-card-default uk-card-body uk-width-1-2@m"
  >
    <img
      alt="logo"
      className="uk-animation-kenburns uk-align-center"
      data-uk-img={true}
      height="40vmin"
      src="login.png"
    />
    <h1>
      Planning Poker
    </h1>
    <input
      className="uk-input uk-margin-top"
      placeholder="EMAIL"
      type="email"
    />
    <input
      className="uk-input uk-margin"
      placeholder="PASSWORD"
      type="password"
    />
    <Link
      className="uk-button uk-button-primary"
      to="/meetings/"
    >
      LOGIN
    </Link>
  </div>
</div>
`;
