// Jest Snapshot v1, https://goo.gl/fbAQLP

exports[`Meetings renders correctly 1`] = `
<div
  className="uk-container uk-text-center@m uk-margin-top uk-margin-bottom"
>
  <h1
    className="uk-heading-small uk-heading-divider"
  >
    Meetings
  </h1>
  <div
    className="uk-align-center uk-width-1-2@m"
  >
    <React.Fragment>
      <button
        className="uk-button uk-margin-small-top uk-button-secondary uk-width-1-1 uk-inline"
      >
        <Link
          to="/host"
        >
          <div
            className="uk-card uk-card-secondary uk-card-body"
          >
            <h3
              className="uk-card-title"
            >
              Meeting A
            </h3>
          </div>
        </Link>
      </button>
      <br />
    </React.Fragment>
    <React.Fragment>
      <button
        className="uk-button uk-margin-small-top uk-button-secondary uk-width-1-1 uk-inline"
      >
        <Link
          to="/host"
        >
          <div
            className="uk-card uk-card-secondary uk-card-body"
          >
            <h3
              className="uk-card-title"
            >
              Meeting B
            </h3>
          </div>
        </Link>
      </button>
      <br />
    </React.Fragment>
    <React.Fragment>
      <button
        className="uk-button uk-margin-small-top uk-button-secondary uk-width-1-1 uk-inline"
      >
        <Link
          to="/host"
        >
          <div
            className="uk-card uk-card-secondary uk-card-body"
          >
            <h3
              className="uk-card-title"
            >
              Meeting C
            </h3>
          </div>
        </Link>
      </button>
      <br />
    </React.Fragment>
    <React.Fragment>
      <button
        className="uk-button uk-margin-small-top uk-button-secondary uk-width-1-1 uk-inline"
      >
        <Link
          to="/host"
        >
          <div
            className="uk-card uk-card-secondary uk-card-body"
          >
            <h3
              className="uk-card-title"
            >
              Meeting D
            </h3>
          </div>
        </Link>
      </button>
      <br />
    </React.Fragment>
    <React.Fragment>
      <button
        className="uk-button uk-margin-small-top uk-button-secondary uk-width-1-1 uk-inline"
      >
        <Link
          to="/host"
        >
          <div
            className="uk-card uk-card-secondary uk-card-body"
          >
            <h3
              className="uk-card-title"
            >
              Meeting E
            </h3>
          </div>
        </Link>
      </button>
      <br />
    </React.Fragment>
    <button
      className="uk-button uk-margin-small-top uk-button-secondary uk-width-1-1 uk-inline uk-margin-bottom"
    >
      <Link
        to="/meetings/add"
      >
        <div
          className="uk-card uk-card-secondary uk-card-body"
        >
          <h3
            className="uk-card-title"
          >
            +
          </h3>
        </div>
      </Link>
    </button>
  </div>
</div>
`;
