// Jest Snapshot v1, https://goo.gl/fbAQLP

exports[`Meetings renders correctly 1`] = `
<React.Fragment>
  <div
    className="default-background"
  >
    <div
      className="uk-container uk-text-center@m"
    >
      <h1
        className="uk-heading-divider uk-margin-top"
      >
        Meetings
      </h1>
      <a
        href="#/"
      >
        <span
          className="uk-position-large uk-position-top-left"
          uk-icon="icon: arrow-left; ratio: 3"
        />
      </a>
      <div
        className="uk-align-center uk-width-1-2@m"
      >
        <div>
          <Link
            to="/host"
          >
            <div
              className="uk-card uk-card-secondary uk-card-body meeting-card"
            >
              <h3
                className="uk-card-title"
              >
                First
              </h3>
            </div>
          </Link>
          <br />
        </div>
        <div>
          <Link
            to="/host"
          >
            <div
              className="uk-card uk-card-secondary uk-card-body meeting-card"
            >
              <h3
                className="uk-card-title"
              >
                Second
              </h3>
            </div>
          </Link>
          <br />
        </div>
        <div>
          <Link
            to="/host"
          >
            <div
              className="uk-card uk-card-secondary uk-card-body meeting-card"
            >
              <h3
                className="uk-card-title"
              >
                Third
              </h3>
            </div>
          </Link>
          <br />
        </div>
        <div>
          <Link
            to="/host"
          >
            <div
              className="uk-card uk-card-secondary uk-card-body meeting-card"
            >
              <h3
                className="uk-card-title"
              >
                Fourth
              </h3>
            </div>
          </Link>
          <br />
        </div>
        <div>
          <Link
            to="/host"
          >
            <div
              className="uk-card uk-card-secondary uk-card-body meeting-card"
            >
              <h3
                className="uk-card-title"
              >
                Fifth
              </h3>
            </div>
          </Link>
          <br />
        </div>
        <Link
          to="/meeting/add"
        >
          <div
            className="uk-card uk-card-secondary uk-card-body add-card"
          >
            <h3
              className="uk-card-title"
            >
              +
            </h3>
          </div>
        </Link>
      </div>
    </div>
  </div>
</React.Fragment>
`;
