// Jest Snapshot v1, https://goo.gl/fbAQLP

exports[`Meetings renders correctly 1`] = `
<Page
  title="Meetings"
>
  <div
    className="uk-card uk-card-primary uk-card-body uk-margin-small"
  >
    <button
      className="pp-button"
      onClick={[Function]}
    >
      test
    </button>
    <button
      className="uk-position-center-right uk-margin-small-right"
      data-uk-icon="icon: trash"
      onClick={[Function]}
    />
  </div>
  <div
    className="uk-card uk-card-secondary uk-card-body"
    onClick={[MockFunction]}
  >
    <h3
      className="uk-card-title"
    >
      +
    </h3>
  </div>
</Page>
`;
