// Jest Snapshot v1, https://goo.gl/fbAQLP

exports[`Host renders correctly 1`] = `
<React.Fragment>
  <div
    className="uk-container uk-text-center@m uk-margin-top"
  >
    <h1
      className="uk-heading-small uk-heading-divider"
    >
      Host
    </h1>
    <div
      className="uk-align-center uk-width-1-2@m"
    >
      <Link
        to="/estimate"
      >
        <button
          className="uk-button uk-button-primary uk-button-small uk-position-small uk-position-top-right"
        >
          Estimate
        </button>
      </Link>
      <button
        className="uk-button uk-margin-small-top uk-button-primary uk-width-1-1 uk-inline"
      >
        <Link
          to={
            Object {
              "pathname": "/story/A",
              "query": Object {
                "storyId": "A",
              },
            }
          }
        >
          <div
            className="uk-card uk-card-primary uk-card-body"
          >
            <div
              className="uk-card-badge uk-label"
            >
              Points: 3
            </div>
            <h3
              className="uk-card-title"
            >
              Story 
              A
            </h3>
          </div>
        </Link>
      </button>
      <button
        className="uk-button uk-margin-small-top uk-button-primary uk-width-1-1 uk-inline"
      >
        <Link
          to={
            Object {
              "pathname": "/story/B",
              "query": Object {
                "storyId": "B",
              },
            }
          }
        >
          <div
            className="uk-card uk-card-primary uk-card-body"
          >
            <div
              className="uk-card-badge uk-label"
            >
              Points: 3
            </div>
            <h3
              className="uk-card-title"
            >
              Story 
              B
            </h3>
          </div>
        </Link>
      </button>
      <button
        className="uk-button uk-margin-small-top uk-button-primary uk-width-1-1 uk-inline"
      >
        <Link
          to={
            Object {
              "pathname": "/story/C",
              "query": Object {
                "storyId": "C",
              },
            }
          }
        >
          <div
            className="uk-card uk-card-primary uk-card-body"
          >
            <div
              className="uk-card-badge uk-label"
            >
              Points: 3
            </div>
            <h3
              className="uk-card-title"
            >
              Story 
              C
            </h3>
          </div>
        </Link>
      </button>
      <button
        className="uk-button uk-margin-small-top uk-button-primary uk-width-1-1 uk-inline"
      >
        <Link
          to={
            Object {
              "pathname": "/story/D",
              "query": Object {
                "storyId": "D",
              },
            }
          }
        >
          <div
            className="uk-card uk-card-primary uk-card-body"
          >
            <div
              className="uk-card-badge uk-label"
            >
              Points: 3
            </div>
            <h3
              className="uk-card-title"
            >
              Story 
              D
            </h3>
          </div>
        </Link>
      </button>
      <button
        className="uk-button uk-margin-small-top uk-button-secondary uk-width-1-1 uk-inline"
      >
        <Link
          to="/ticket/"
        >
          <div
            className="uk-card uk-card-secondary uk-card-body"
          >
            <h3
              className="uk-card-title"
            >
              +
            </h3>
          </div>
        </Link>
      </button>
    </div>
  </div>
</React.Fragment>
`;
