// Jest Snapshot v1, https://goo.gl/fbAQLP

exports[`Ticket renders correctly 1`] = `
<div
  className="uk-flex uk-flex-center"
>
  <div
    className="uk-card uk-card-default uk-card-body uk-width-1-2@m"
  >
    <h1
      className="uk-heading-small"
    >
      Add a Ticket
    </h1>
    <input
      className="uk-input uk-margin"
      placeholder="Ticket #"
    />
    <Link
      className="uk-button uk-button-primary"
      to="/host/"
    >
      CREATE
    </Link>
  </div>
</div>
`;
