// Jest Snapshot v1, https://goo.gl/fbAQLP

exports[`Container: Story Estimate should render Estimate correctly 1`] = `
<div>
  <div
    class="default-background"
  >
    <div
      class="uk-container uk-text-center@m"
    >
      <div
        class="uk-section uk-section-xsmall"
      >
        <span
          class="uk-icon-button uk-position-small uk-position-top-left pp-back-arrow"
          data-uk-icon="icon: arrow-left; ratio: 1.25"
        />
      </div>
      <h1
        class="uk-heading-divider uk-margin-small-top"
      >
        mockConstructor
      </h1>
      <div
        class="uk-align-center uk-width-1-2@m"
      >
        <button
          class="uk-button uk-button-primary uk-button-small uk-position-small uk-position-top-right"
        >
          Host
        </button>
        <dl
          class="uk-description-list"
        >
          <dt>
            # 
            mockConstructor
             :
          </dt>
          <dd />
        </dl>
        <div
          class="uk-align-center uk-width-1-1@m"
        >
          <button
            class="uk-button uk-margin-small-top uk-width-1-1 uk-inline uk-button-primary selected"
          >
            1
            <span
              class="uk-position-center-right uk-background-muted uk-text-emphasis uk-label uk-margin-small-right"
            >
              Selected
            </span>
          </button>
          <button
            class="uk-button uk-margin-small-top uk-width-1-1 uk-inline uk-button-primary "
          >
            2
            <span
              class="uk-position-center-right uk-background-muted uk-text-emphasis uk-label uk-margin-small-right"
              hidden=""
            >
              Selected
            </span>
          </button>
          <button
            class="uk-button uk-margin-small-top uk-width-1-1 uk-inline uk-button-primary "
          >
            3
            <span
              class="uk-position-center-right uk-background-muted uk-text-emphasis uk-label uk-margin-small-right"
              hidden=""
            >
              Selected
            </span>
          </button>
          <button
            class="uk-button uk-margin-small-top uk-width-1-1 uk-inline uk-button-primary "
          >
            5
            <span
              class="uk-position-center-right uk-background-muted uk-text-emphasis uk-label uk-margin-small-right"
              hidden=""
            >
              Selected
            </span>
          </button>
          <button
            class="uk-button uk-margin-small-top uk-width-1-1 uk-inline uk-button-primary "
          >
            8
            <span
              class="uk-position-center-right uk-background-muted uk-text-emphasis uk-label uk-margin-small-right"
              hidden=""
            >
              Selected
            </span>
          </button>
          <button
            class="uk-button uk-margin-small-top uk-width-1-1 uk-inline uk-button-primary "
          >
            13
            <span
              class="uk-position-center-right uk-background-muted uk-text-emphasis uk-label uk-margin-small-right"
              hidden=""
            >
              Selected
            </span>
          </button>
        </div>
      </div>
    </div>
  </div>
</div>
`;
