// Jest Snapshot v1, https://goo.gl/fbAQLP

exports[`CreateMeeting renders correctly 1`] = `
<Page
  onBack={[MockFunction]}
  title="Add Meeting"
>
  <form
    onSubmit={[Function]}
  >
    <div
      className="uk-margin"
    >
      <div
        className="uk-inline uk-width-1-1"
      >
        <span
          className="uk-form-icon"
          data-uk-icon="icon: users"
        />
        <input
          className="uk-input"
          name="meetingInputName"
          placeholder="Name"
          type="text"
        />
      </div>
      <button
        className="uk-button uk-button-primary uk-margin-small-top uk-width-1-1"
      >
        CREATE
      </button>
    </div>
  </form>
</Page>
`;
