// Jest Snapshot v1, https://goo.gl/fbAQLP

exports[`renders correctly 1`] = `
<Memo(ConnectFunction)
  history={
    Object {
      "action": "POP",
      "block": [Function],
      "createHref": [Function],
      "go": [Function],
      "goBack": [Function],
      "goForward": [Function],
      "length": 1,
      "listen": [Function],
      "location": Object {
        "hash": "",
        "pathname": "/",
        "search": "",
        "state": undefined,
      },
      "push": [Function],
      "replace": [Function],
    }
  }
>
  <Route
    component={
      Object {
        "$$typeof": Symbol(react.memo),
        "WrappedComponent": [Function],
        "compare": null,
        "displayName": "Connect(CreateUser)",
        "type": [Function],
      }
    }
    exact={true}
    path="/"
  />
  <Route
    component={
      Object {
        "$$typeof": Symbol(react.memo),
        "WrappedComponent": [Function],
        "compare": null,
        "displayName": "Connect(Host)",
        "type": [Function],
      }
    }
    path="/host"
  />
  <Route
    component={[Function]}
    path="/meetings/"
  />
  <Route
    component={[Function]}
    path="/meeting/add"
  />
  <Route
    component={
      Object {
        "$$typeof": Symbol(react.memo),
        "WrappedComponent": [Function],
        "compare": null,
        "displayName": "Connect(Estimate)",
        "type": [Function],
      }
    }
    path="/estimate/"
  />
  <Route
    component={[Function]}
    path="/ticket/"
  />
  <Route
    component={[Function]}
    path="/story/:storyId"
  />
</Memo(ConnectFunction)>
`;
