// Jest Snapshot v1, https://goo.gl/fbAQLP

exports[`renders correctly 1`] = `
<HashRouter>
  <Route
    component={[Function]}
    exact={true}
    path="/"
  />
  <Route
    component={[Function]}
    path="/host"
  />
  <Route
    component={[Function]}
    path="/meetings/"
  />
  <Route
    component={[Function]}
    path="/meetings/add"
  />
  <Route
    component={[Function]}
    path="/estimate/"
  />
  <Route
    component={[Function]}
    path="/ticket/"
  />
  <Route
    component={[Function]}
    path="/story/"
  />
</HashRouter>
`;
