// Jest Snapshot v1, https://goo.gl/fbAQLP

exports[`password input should match snapshot 1`] = `
<div
  className="uk-margin"
>
  <div
    className="uk-inline"
  >
    <span
      className="uk-form-icon"
      uk-icon="icon: lock"
    />
    <input
      className="uk-input"
      placeholder="Password"
      type="password"
    />
  </div>
</div>
`;
