// Jest Snapshot v1, https://goo.gl/fbAQLP

exports[`should render Estimate correctly 1`] = `
<div
  className="uk-container uk-text-center@m uk-margin-top"
>
  <h1
    className="uk-heading-small uk-heading-divider"
  >
    Estimate
  </h1>
  <a
    href="#/host/"
  >
    <button
      className="uk-button uk-button-primary uk-button-small uk-position-small uk-position-top-right"
    >
      Host
    </button>
  </a>
  <dl
    className="uk-description-list"
  >
    <dt>
      # MBNA-10567: 
    </dt>
    <dd>
      Add tooltip to my accounts page
    </dd>
  </dl>
  <div
    className="uk-align-center uk-width-1-2@m"
  >
    <button
      className="uk-button uk-margin-small-top uk-width-1-1 uk-inline estimate-button uk-button-primary"
      onClick={[Function]}
    >
      1
      <span
        className="uk-position-center-right uk-background-muted uk-text-emphasis uk-label uk-margin-small-right"
        hidden={true}
      >
        Selected
      </span>
    </button>
    <button
      className="uk-button uk-margin-small-top uk-width-1-1 uk-inline estimate-button uk-button-primary"
      onClick={[Function]}
    >
      2
      <span
        className="uk-position-center-right uk-background-muted uk-text-emphasis uk-label uk-margin-small-right"
        hidden={true}
      >
        Selected
      </span>
    </button>
    <button
      className="uk-button uk-margin-small-top uk-width-1-1 uk-inline estimate-button uk-button-primary"
      onClick={[Function]}
    >
      3
      <span
        className="uk-position-center-right uk-background-muted uk-text-emphasis uk-label uk-margin-small-right"
        hidden={true}
      >
        Selected
      </span>
    </button>
    <button
      className="uk-button uk-margin-small-top uk-width-1-1 uk-inline estimate-button uk-button-primary"
      onClick={[Function]}
    >
      4
      <span
        className="uk-position-center-right uk-background-muted uk-text-emphasis uk-label uk-margin-small-right"
        hidden={true}
      >
        Selected
      </span>
    </button>
    <button
      className="uk-button uk-margin-small-top uk-width-1-1 uk-inline estimate-button uk-button-primary"
      onClick={[Function]}
    >
      5
      <span
        className="uk-position-center-right uk-background-muted uk-text-emphasis uk-label uk-margin-small-right"
        hidden={true}
      >
        Selected
      </span>
    </button>
    <button
      className="uk-button uk-margin-small-top uk-width-1-1 uk-inline estimate-button uk-button-primary"
      onClick={[Function]}
    >
      6
      <span
        className="uk-position-center-right uk-background-muted uk-text-emphasis uk-label uk-margin-small-right"
        hidden={true}
      >
        Selected
      </span>
    </button>
    <button
      className="uk-button uk-margin-small-top uk-width-1-1 uk-inline estimate-button uk-button-primary"
      onClick={[Function]}
    >
      7
      <span
        className="uk-position-center-right uk-background-muted uk-text-emphasis uk-label uk-margin-small-right"
        hidden={true}
      >
        Selected
      </span>
    </button>
    <button
      className="uk-button uk-margin-small-top uk-width-1-1 uk-inline estimate-button uk-button-primary"
      onClick={[Function]}
    >
      8
      <span
        className="uk-position-center-right uk-background-muted uk-text-emphasis uk-label uk-margin-small-right"
        hidden={true}
      >
        Selected
      </span>
    </button>
  </div>
</div>
`;
