// Jest Snapshot v1, https://goo.gl/fbAQLP

exports[`should render Estimate correctly 1`] = `
<React.Fragment>
  <div
    className="uk-flex uk-flex-column uk-flex-middle"
  >
    <h1
      className="uk-heading-medium uk-margin-top"
    >
      Estimate
    </h1>
    <button
      className="uk-margin uk-button-secondary uk-button-large uk-width-1-6 uk-text-large"
    >
      1
    </button>
    <button
      className="uk-margin uk-button-secondary uk-button-large uk-width-1-6 uk-text-large"
    >
      2
    </button>
    <button
      className="uk-margin uk-button-secondary uk-button-large uk-width-1-6 uk-text-large"
    >
      3
    </button>
    <button
      className="uk-margin uk-button-secondary uk-button-large uk-width-1-6 uk-text-large"
    >
      4
    </button>
    <button
      className="uk-margin uk-button-secondary uk-button-large uk-width-1-6 uk-text-large"
    >
      5
    </button>
    <button
      className="uk-margin uk-button-secondary uk-button-large uk-width-1-6 uk-text-large"
    >
      6
    </button>
    <button
      className="uk-margin uk-button-secondary uk-button-large uk-width-1-6 uk-text-large"
    >
      7
    </button>
    <button
      className="uk-margin uk-button-secondary uk-button-large uk-width-1-6 uk-text-large"
    >
      8
    </button>
  </div>
</React.Fragment>
`;
