// Jest Snapshot v1, https://goo.gl/fbAQLP

exports[`MeetingButtons renders correctly 1`] = `
Array [
  <div
    className="uk-margin-small"
  >
    <div
      className="uk-card uk-card-secondary uk-card-body pp-button"
      onClick={[Function]}
    >
      <h3
        className="uk-card-title"
      >
        test
      </h3>
    </div>
  </div>,
]
`;
