// Jest Snapshot v1, https://goo.gl/fbAQLP

exports[`Stories renders correctly 1`] = `
<Page
  title="Stories"
>
  <button
    className="uk-button uk-button-primary uk-button-small uk-position-small uk-position-top-right"
    onClick={[Function]}
  >
    Estimate
  </button>
  <div
    className="uk-card uk-card-secondary uk-card-body uk-margin pp-button"
  >
    <Link
      to={
        Object {
          "pathname": "/story/A",
          "query": Object {
            "storyId": "A",
          },
        }
      }
    >
      <div
        className="uk-card-badge uk-label"
      >
        Points: 3
      </div>
      <h3
        className="uk-card-title"
      >
        Story 
        A
      </h3>
    </Link>
  </div>
  <div
    className="uk-card uk-card-secondary uk-card-body uk-margin pp-button"
  >
    <Link
      to={
        Object {
          "pathname": "/story/B",
          "query": Object {
            "storyId": "B",
          },
        }
      }
    >
      <div
        className="uk-card-badge uk-label"
      >
        Points: 3
      </div>
      <h3
        className="uk-card-title"
      >
        Story 
        B
      </h3>
    </Link>
  </div>
  <div
    className="uk-card uk-card-secondary uk-card-body uk-margin pp-button"
  >
    <Link
      to={
        Object {
          "pathname": "/story/C",
          "query": Object {
            "storyId": "C",
          },
        }
      }
    >
      <div
        className="uk-card-badge uk-label"
      >
        Points: 3
      </div>
      <h3
        className="uk-card-title"
      >
        Story 
        C
      </h3>
    </Link>
  </div>
  <div
    className="uk-card uk-card-secondary uk-card-body uk-margin pp-button"
  >
    <Link
      to={
        Object {
          "pathname": "/story/D",
          "query": Object {
            "storyId": "D",
          },
        }
      }
    >
      <div
        className="uk-card-badge uk-label"
      >
        Points: 3
      </div>
      <h3
        className="uk-card-title"
      >
        Story 
        D
      </h3>
    </Link>
  </div>
  <div
    className="uk-card uk-card-secondary uk-card-body pp-secondary-button"
    onClick={[Function]}
  >
    <h3
      className="uk-card-title"
    >
      +
    </h3>
  </div>
</Page>
`;
