// Jest Snapshot v1, https://goo.gl/fbAQLP

exports[`Container: Story should render correctly 1`] = `
<div>
  <div
    class="default-background"
  >
    <div
      class="uk-container uk-text-center@m"
    >
      <div
        class="uk-section uk-section-xsmall"
      >
        <span
          class="uk-position-small uk-position-top-left pp-back-arrow"
          data-uk-icon="icon: arrow-left; ratio: 1.75"
        />
      </div>
      <h1
        class="uk-heading-divider uk-margin-small-top"
      >
        mockConstructor
      </h1>
      <div
        class="uk-align-center uk-width-1-2@m"
      >
        <button
          class="uk-button uk-button-primary uk-button-small uk-position-small uk-position-top-right"
        >
          Estimate
        </button>
        <div
          class="uk-flex uk-flex-column uk-card uk-card-primary uk-card-body uk-margin-small uk-padding-small uk-text-center"
        >
          <div
            class="uk-margin-right uk-margin-left"
          >
            Mock Story Name
          </div>
          <div
            class="uk-align-center uk-width-auto uk-label uk-margin-small"
          >
            Points: 3
          </div>
          <button
            class="uk-position-top-right uk-margin-small-right uk-margin-small-top"
            data-uk-icon="icon: trash"
          />
        </div>
        <div
          class="uk-flex uk-flex-column uk-card uk-card-primary uk-card-body uk-margin-small uk-padding-small uk-text-center"
        >
          <div
            class="uk-margin-right uk-margin-left"
          >
            Mock Story Name 2
          </div>
          <div
            class="uk-align-center uk-width-auto uk-label uk-margin-small"
          >
            Not estimated
          </div>
          <button
            class="uk-position-top-right uk-margin-small-right uk-margin-small-top"
            data-uk-icon="icon: trash"
          />
        </div>
        <div
          class="uk-card uk-card-secondary uk-card-body uk-margin-bottom uk-text-center"
        >
          <h3
            class="uk-card-title"
          >
            +
          </h3>
        </div>
      </div>
    </div>
  </div>
</div>
`;
